// Jest Snapshot v1, https://goo.gl/fbAQLP

exports[`component PlaylistItem match snapshot 1`] = `
<NavLink
  className="playlist_item w-5/12 md:w-1/5 m-1"
  key="37i9dQZF1DXbTxeAdrVG2l"
  to={
    Object {
      "pathname": "/game/37i9dQZF1DXbTxeAdrVG2l",
      "state": Object {
        "songs": Array [
          Object {
            "artist": "Cher",
            "externalUrl": "https://open.spotify.com/track/60Pwcnt2y9ML9VP4gwrcxm",
            "img": "https://i.scdn.co/image/ab67616d000048511cafae5c9e0e809317d46a31",
            "songUrl": "https://p.scdn.co/mp3-preview/d21",
            "title": "Walking in Memphis",
          },
          Object {
            "artist": "Take That",
            "externalUrl": "https://open.spotify.com/track/24fQpRwKFkC3Fe8QtvvrNw",
            "img": "https://i.scdn.co/image/ab67616d000048514d30d662454d239ed12fe963",
            "songUrl": "https://p.scdn.co/mp3-preview/8f9085faa29895e3eb68da902f2ba0d6ad180ddc?cid=9e408fab4a8c4d6096b013b572a8ab1f",
            "title": "Back for Good - Radio Mix",
          },
        ],
        "tracks": Array [
          Object {
            "artist": "Cher",
            "externalUrl": "https://open.spotify.com/track/60Pwcnt2y9ML9VP4gwrcxm",
            "img": "https://i.scdn.co/image/ab67616d000048511cafae5c9e0e809317d46a31",
            "songUrl": "https://p.scdn.co/mp3-preview/d21",
            "title": "Walking in Memphis",
          },
          Object {
            "artist": "Take That",
            "externalUrl": "https://open.spotify.com/track/24fQpRwKFkC3Fe8QtvvrNw",
            "img": "https://i.scdn.co/image/ab67616d000048514d30d662454d239ed12fe963",
            "songUrl": "https://p.scdn.co/mp3-preview/8f9085faa29895e3eb68da902f2ba0d6ad180ddc?cid=9e408fab4a8c4d6096b013b572a8ab1f",
            "title": "Back for Good - Radio Mix",
          },
        ],
      },
    }
  }
>
  <Image
    alt="All Out 90s"
    className="playlists-img"
    size="full"
    src="https://i.scdn.co/image/ab67706f0000000261a2716ff11943f81ebd0e4f"
  />
</NavLink>
`;
